################################################################################
#                                                                              #
#      IAR Universal Linker V6.5.1.95                                          #
#                                                                              #
#           Link time     =  23/Mar/2019  17:03:30                             #
#           Target CPU    =  MSP430                                            #
#           List file     =  "C:\Users\CHK\Documents\IAR Embedded Workbench\Sa #
#                            mple 3_4\Debug\List\Flash4.map"                   #
#           Output file 1 =  "C:\Users\CHK\Documents\IAR Embedded Workbench\Sa #
#                            mple 3_4\Debug\Exe\Flash4.d90"                    #
#                            Format: ubrof8                                    #
#                            UBROF version 8.0.2                               #
#           Command line  =  -f C:\Users\CHK\AppData\Local\Temp\EW415A.tmp     #
#                            ("C:\Users\CHK\Documents\IAR Embedded Workbench\S #
#                            ample 3_4\Debug\Obj\key.r43"                      #
#                            "C:\Users\CHK\Documents\IAR Embedded Workbench\Sa #
#                            mple 3_4\Debug\Obj\Led_disp.r43"                  #
#                            "C:\Users\CHK\Documents\IAR Embedded Workbench\Sa #
#                            mple 3_4\Debug\Obj\main.r43"                      #
#                            -o                                                #
#                            "C:\Users\CHK\Documents\IAR Embedded Workbench\Sa #
#                            mple 3_4\Debug\Exe\Flash4.d90"                    #
#                            -Fubrof8 -l                                       #
#                            "C:\Users\CHK\Documents\IAR Embedded Workbench\Sa #
#                            mple 3_4\Debug\List\Flash4.map"                   #
#                            -xms                                              #
#                            "-IC:\Program Files (x86)\IAR Systems\Embedded Wo #
#                            rkbench 8.0\430\LIB\"                             #
#                            -f                                                #
#                            "C:\Program Files (x86)\IAR Systems\Embedded Work #
#                            bench 8.0\430\config\linker\lnk430f149.xcl"       #
#                            (-cmsp430 -QCODE_I=CODE_ID -QTLS16_I=TLS16_ID     #
#                            -D__iar_HWMUL=130 -Z(CONST)INFO=1000-10FF         #
#                            -Z(CONST)INFOA=1080-10FF                          #
#                            -Z(CONST)INFOB=1000-107F                          #
#                            -Z(DATA)DATA16_I,DATA16_Z,DATA16_N,TLS16_I=0200-0 #
#                            9FF                                               #
#                            -Z(DATA)DATA16_HEAP+_DATA16_HEAP_SIZE             #
#                            -Z(DATA)CODE_I -Z(DATA)CSTACK+_STACK_SIZE#        #
#                            -Z(CONST)DATA16_C,DATA16_ID,TLS16_ID,DIFUNCT,CHEC #
#                            KSUM=1100-FFDF                                    #
#                            -Z(CODE)CSTART,ISR_CODE,CODE_ID=1100-FFDF         #
#                            -P(CODE)CODE=1100-FFDF -Z(CODE)INTVEC=FFE0-FFFF   #
#                            -Z(CODE)RESET=FFFE-FFFF) -f                       #
#                            "C:\Program Files (x86)\IAR Systems\Embedded Work #
#                            bench 8.0\430\config\linker\multiplier.xcl"       #
#                            (-e?Mul8Hw=?Mul8 -e?Mul16Hw=?Mul16                #
#                            -e?Mul16to32uHw=?Mul16to32u                       #
#                            -e?Mul16to32sHw=?Mul16to32s -e?Mul32Hw=?Mul32     #
#                            -e_Mul64iHw=_Mul64i                               #
#                            -e_Mul32u32uto64iHw=_Mul32u32uto64i               #
#                            -e?Mul32fHw=_Mul32f -e_Mul64fHwPtr=_Mul64fPtr)    #
#                            -D_STACK_SIZE=50                                  #
#                            "C:\Program Files (x86)\IAR Systems\Embedded Work #
#                            bench 8.0\430\lib\dlib\dl430fn.r43"               #
#                            -e_PrintfLarge=_Printf -e_ScanfLarge=_Scanf       #
#                            -D_DATA16_HEAP_SIZE=50 -s __program_start         #
#                            -D_DATA20_HEAP_SIZE=50)                           #
#                                                                              #
#                           Copyright (C) 1987-2016 IAR Systems AB.            #
################################################################################





                ****************************************
                *                                      *
                *           CROSS REFERENCE            *
                *                                      *
                ****************************************

       Program entry at :           1150  Relocatable, from module : ?cstart




                ****************************************
                *                                      *
                *            RUNTIME MODEL             *
                *                                      *
                ****************************************

  __Heap_Handler             = Basic
  __SystemLibrary            = DLib
  __core                     = 430
  __dlib_file_descriptor     = 0
  __dlib_full_locale_support = 0
  __double_size              = 32
  __pic                      = no
  __reg_r4                   = free
  __reg_r5                   = free
  __rt_version               = 3

                ****************************************
                *                                      *
                *    AUTOMATIC SYMBOL REDIRECTIONS     *
                *                                      *
                ****************************************

                  There are no automatic symbol redirections.



                ****************************************
                *                                      *
                *              MODULE MAP              *
                *                                      *
                ****************************************


  DEFINED ABSOLUTE ENTRIES
    *************************************************************************

  DEFINED ABSOLUTE ENTRIES
  PROGRAM MODULE, NAME : ?ABS_ENTRY_MOD

Absolute parts
           ENTRY                   ADDRESS         REF BY
           =====                   =======         ======
           _DATA20_HEAP_SIZE       0050 
           _DATA16_HEAP_SIZE       0050 
           _STACK_SIZE             0050 
           __iar_HWMUL             0130 
    *************************************************************************

  FILE NAME : C:\Users\CHK\Documents\IAR Embedded Workbench\Sample 3_4\Debug\Obj\key.r43
  PROGRAM MODULE, NAME : key

  SEGMENTS IN THE MODULE
  ======================
DATA16_AN
  Relative segment, address: 0028 - 0028 (0x1 bytes), align: 0
  Segment part 1. ROOT        Intra module refs:   GetKey
           ENTRY                   ADDRESS         REF BY
           =====                   =======         ======
           P2IN                    0028 
    -------------------------------------------------------------------------
DATA16_I
  Relative segment, address: 0200 - 023D (0x3e bytes), align: 1
  Segment part 3.             Intra module refs:   SetSpeed
           ENTRY                   ADDRESS         REF BY
           =====                   =======         ======
           SpeedCode               0200 
    -------------------------------------------------------------------------
<CODE> 1 (was CODE)
  Relative segment, address: 136A - 13B5 (0x4c bytes), align: 1
  Segment part 5.
           ENTRY                   ADDRESS         REF BY
           =====                   =======         ======
           GetKey                  136A            main (main)
    -------------------------------------------------------------------------
<CODE> 1 (was CODE)
  Relative segment, address: 1526 - 1531 (0xc bytes), align: 1
  Segment part 6.             Intra module refs:   process_key
           ENTRY                   ADDRESS         REF BY
           =====                   =======         ======
           SetSpeed                1526            system_initial (main)
    -------------------------------------------------------------------------
<CODE> 1 (was CODE)
  Relative segment, address: 120E - 126F (0x62 bytes), align: 1
  Segment part 7.
           ENTRY                   ADDRESS         REF BY
           =====                   =======         ======
           process_key             120E            main (main)
               calls direct
    -------------------------------------------------------------------------
DATA16_ID
  Relative segment, address: 1100 - 113D (0x3e bytes), align: 1
  Segment part 4.             Intra module refs:   SpeedCode

    *************************************************************************

  FILE NAME : C:\Users\CHK\Documents\IAR Embedded Workbench\Sample 3_4\Debug\Obj\Led_disp.r43
  PROGRAM MODULE, NAME : Led_disp

  SEGMENTS IN THE MODULE
  ======================
DATA16_AN
  Relative segment, address: 0021 - 0021 (0x1 bytes), align: 0
  Segment part 1. ROOT        Intra module refs:   LEDShow
                                                   system_initial (main)
           ENTRY                   ADDRESS         REF BY
           =====                   =======         ======
           P1OUT                   0021 
    -------------------------------------------------------------------------
DATA16_AN
  Relative segment, address: 001D - 001D (0x1 bytes), align: 0
  Segment part 2. ROOT        Intra module refs:   LEDShow
                                                   system_initial (main)
           ENTRY                   ADDRESS         REF BY
           =====                   =======         ======
           P4OUT                   001D 
    -------------------------------------------------------------------------
DATA16_I
  Relative segment, address: 023E - 024D (0x10 bytes), align: 1
  Segment part 4.
           ENTRY                   ADDRESS         REF BY
           =====                   =======         ======
           run                     023E            main (main)
    -------------------------------------------------------------------------
<CODE> 1 (was CODE)
  Relative segment, address: 1478 - 1493 (0x1c bytes), align: 1
  Segment part 6.             Intra module refs:   Mode_0
                                                   Mode_1
                                                   Mode_2
                                                   Mode_3
                                                   Mode_4
                                                   Mode_5
                                                   Mode_6
                                                   Mode_7
           ENTRY                   ADDRESS         REF BY
           =====                   =======         ======
           LEDShow                 1478            process_key (key)
    -------------------------------------------------------------------------
<CODE> 1 (was CODE)
  Relative segment, address: 14AE - 14C5 (0x18 bytes), align: 1
  Segment part 7.
           ENTRY                   ADDRESS         REF BY
           =====                   =======         ======
           delayus                 14AE            main (main)
                                                   process_key (key)
    -------------------------------------------------------------------------
<CODE> 1 (was CODE)
  Relative segment, address: 1494 - 14AD (0x1a bytes), align: 1
  Segment part 8.             Intra module refs:   Segment part 5
           ENTRY                   ADDRESS         REF BY
           =====                   =======         ======
           Mode_0                  1494 
               calls direct
    -------------------------------------------------------------------------
<CODE> 1 (was CODE)
  Relative segment, address: 145C - 1477 (0x1c bytes), align: 1
  Segment part 9.             Intra module refs:   Segment part 5
           ENTRY                   ADDRESS         REF BY
           =====                   =======         ======
           Mode_1                  145C 
               calls direct
    -------------------------------------------------------------------------
<CODE> 1 (was CODE)
  Relative segment, address: 13B6 - 13FF (0x4a bytes), align: 1
  Segment part 10.            Intra module refs:   Segment part 5
           ENTRY                   ADDRESS         REF BY
           =====                   =======         ======
           Mode_2                  13B6 
               calls direct
    -------------------------------------------------------------------------
<CODE> 1 (was CODE)
  Relative segment, address: 131C - 1369 (0x4e bytes), align: 1
  Segment part 11.            Intra module refs:   Segment part 5
           ENTRY                   ADDRESS         REF BY
           =====                   =======         ======
           Mode_3                  131C 
               calls direct
    -------------------------------------------------------------------------
<CODE> 1 (was CODE)
  Relative segment, address: 1178 - 120D (0x96 bytes), align: 1
  Segment part 12.            Intra module refs:   Segment part 5
           ENTRY                   ADDRESS         REF BY
           =====                   =======         ======
           Mode_4                  1178 
               calls direct
    -------------------------------------------------------------------------
<CODE> 1 (was CODE)
  Relative segment, address: 12C8 - 131B (0x54 bytes), align: 1
  Segment part 13.            Intra module refs:   Segment part 5
           ENTRY                   ADDRESS         REF BY
           =====                   =======         ======
           Mode_5                  12C8 
               calls direct
    -------------------------------------------------------------------------
<CODE> 1 (was CODE)
  Relative segment, address: 1270 - 12C7 (0x58 bytes), align: 1
  Segment part 14.            Intra module refs:   Segment part 5
           ENTRY                   ADDRESS         REF BY
           =====                   =======         ======
           Mode_6                  1270 
               calls direct
    -------------------------------------------------------------------------
<CODE> 1 (was CODE)
  Relative segment, address: 1532 - 153D (0xc bytes), align: 1
  Segment part 15.            Intra module refs:   Segment part 5
           ENTRY                   ADDRESS         REF BY
           =====                   =======         ======
           Mode_7                  1532 
               calls direct
    -------------------------------------------------------------------------
DATA16_ID
  Relative segment, address: 113E - 114D (0x10 bytes), align: 1
  Segment part 5.             Intra module refs:   run

    *************************************************************************

  FILE NAME : C:\Users\CHK\Documents\IAR Embedded Workbench\Sample 3_4\Debug\Obj\main.r43
  PROGRAM MODULE, NAME : main

  SEGMENTS IN THE MODULE
  ======================
DATA16_AN
  Relative segment, address: 0022 - 0022 (0x1 bytes), align: 0
  Segment part 2. ROOT        Intra module refs:   system_initial
           ENTRY                   ADDRESS         REF BY
           =====                   =======         ======
           P1DIR                   0022 
    -------------------------------------------------------------------------
DATA16_AN
  Relative segment, address: 0026 - 0026 (0x1 bytes), align: 0
  Segment part 3. ROOT        Intra module refs:   system_initial
           ENTRY                   ADDRESS         REF BY
           =====                   =======         ======
           P1SEL                   0026 
    -------------------------------------------------------------------------
DATA16_AN
  Relative segment, address: 002A - 002A (0x1 bytes), align: 0
  Segment part 4. ROOT        Intra module refs:   system_initial
           ENTRY                   ADDRESS         REF BY
           =====                   =======         ======
           P2DIR                   002A 
    -------------------------------------------------------------------------
DATA16_AN
  Relative segment, address: 001E - 001E (0x1 bytes), align: 0
  Segment part 6. ROOT        Intra module refs:   system_initial
           ENTRY                   ADDRESS         REF BY
           =====                   =======         ======
           P4DIR                   001E 
    -------------------------------------------------------------------------
DATA16_AN
  Relative segment, address: 001F - 001F (0x1 bytes), align: 0
  Segment part 7. ROOT        Intra module refs:   system_initial
           ENTRY                   ADDRESS         REF BY
           =====                   =======         ======
           P4SEL                   001F 
    -------------------------------------------------------------------------
DATA16_AN
  Relative segment, address: 0120 - 0121 (0x2 bytes), align: 0
  Segment part 8. ROOT        Intra module refs:   main
           ENTRY                   ADDRESS         REF BY
           =====                   =======         ======
           WDTCTL                  0120 
    -------------------------------------------------------------------------
DATA16_Z
  Relative segment, address: 0256 - 0256 (0x1 bytes), align: 0
  Segment part 10.            Intra module refs:   main
                                                   system_initial
           ENTRY                   ADDRESS         REF BY
           =====                   =======         ======
           RunMode                 0256            process_key (key)
    -------------------------------------------------------------------------
DATA16_Z
  Relative segment, address: 0250 - 0251 (0x2 bytes), align: 1
  Segment part 11.            Intra module refs:   main
           ENTRY                   ADDRESS         REF BY
           =====                   =======         ======
           SystemSpeed             0250            SetSpeed (key)
    -------------------------------------------------------------------------
DATA16_Z
  Relative segment, address: 0252 - 0253 (0x2 bytes), align: 1
  Segment part 12.            Intra module refs:   system_initial
           ENTRY                   ADDRESS         REF BY
           =====                   =======         ======
           SystemSpeedIndex        0252            process_key (key)
    -------------------------------------------------------------------------
DATA16_I
  Relative segment, address: 024E - 024E (0x1 bytes), align: 0
  Segment part 13.
           ENTRY                   ADDRESS         REF BY
           =====                   =======         ======
           LEDDirection            024E            Mode_2 (Led_disp)
                                                   Mode_3 (Led_disp)
                                                   Mode_4 (Led_disp)
                                                   Mode_5 (Led_disp)
                                                   Mode_6 (Led_disp)
                                                   process_key (key)
    -------------------------------------------------------------------------
DATA16_I
  Relative segment, address: 024F - 024F (0x1 bytes), align: 0
  Segment part 15.
           ENTRY                   ADDRESS         REF BY
           =====                   =======         ======
           LEDFlag                 024F            Mode_4 (Led_disp)
                                                   process_key (key)
    -------------------------------------------------------------------------
DATA16_Z
  Relative segment, address: 0254 - 0255 (0x2 bytes), align: 1
  Segment part 17.
           ENTRY                   ADDRESS         REF BY
           =====                   =======         ======
           LEDIndex                0254            Mode_0 (Led_disp)
                                                   Mode_1 (Led_disp)
                                                   Mode_2 (Led_disp)
                                                   Mode_3 (Led_disp)
                                                   Mode_4 (Led_disp)
                                                   Mode_5 (Led_disp)
                                                   Mode_6 (Led_disp)
                                                   Mode_7 (Led_disp)
                                                   process_key (key)
    -------------------------------------------------------------------------
<CODE> 1 (was CODE)
  Relative segment, address: 1400 - 142F (0x30 bytes), align: 1
  Segment part 18.            Intra module refs:   main
           ENTRY                   ADDRESS         REF BY
           =====                   =======         ======
           system_initial          1400 
               calls direct
    -------------------------------------------------------------------------
<CODE> 1 (was CODE)
  Relative segment, address: 1430 - 145B (0x2c bytes), align: 1
  Segment part 19.
           ENTRY                   ADDRESS         REF BY
           =====                   =======         ======
           main                    1430            Segment part 19 (?cstart)
               calls direct and indirect
    -------------------------------------------------------------------------
DATA16_ID
  Relative segment, address: 114E - 114E (0x1 bytes), align: 0
  Segment part 14.            Intra module refs:   LEDDirection
    -------------------------------------------------------------------------
DATA16_ID
  Relative segment, address: 114F - 114F (0x1 bytes), align: 0
  Segment part 16.            Intra module refs:   LEDFlag

    *************************************************************************

  FILE NAME : C:\Program Files (x86)\IAR Systems\Embedded Workbench 8.0\430\lib\dlib\dl430fn.r43
  LIBRARY MODULE, NAME : ?_exit

  SEGMENTS IN THE MODULE
  ======================
<CODE> 1 (was CODE)
  Relative segment, address: 153E, align: 1
  Segment part 0.
           ENTRY                   ADDRESS         REF BY
           =====                   =======         ======
           _exit                   153E            exit (?exit)
    -------------------------------------------------------------------------
<CODE> 1 (was CODE)
  Relative segment, address: 153E - 1541 (0x4 bytes), align: 1
  Segment part 6.             Intra module refs:   _exit

    -------------------------------------------------------------------------
  LIBRARY MODULE, NAME : ?cstart

  SEGMENTS IN THE MODULE
  ======================
CSTACK
  Relative segment, address: 09B0, align: 1
  Segment part 1.
    -------------------------------------------------------------------------
DATA16_Z
  Relative segment, address: 0256, align: 1
  Segment part 2.
    -------------------------------------------------------------------------
DATA16_I
  Relative segment, address: 024E, align: 1
  Segment part 3.
    -------------------------------------------------------------------------
DATA16_ID
  Relative segment, address: 114E, align: 1
  Segment part 4.
    -------------------------------------------------------------------------
CSTART
  Relative segment, address: 1150 - 1153 (0x4 bytes), align: 1
  Segment part 9.
           ENTRY                   ADDRESS         REF BY
           =====                   =======         ======
           __program_start         1150            ?reset_vector (?reset_vector)
                                                   Absolute parts (?ABS_ENTRY_MOD)
           ?cstart_begin           1150 
    -------------------------------------------------------------------------
CSTART
  Relative segment, address: 1154 - 115F (0xc bytes), align: 1
  Segment part 14.
           ENTRY                   ADDRESS         REF BY
           =====                   =======         ======
           ?cstart_init_zero       1154            LEDIndex (main)
                                                   RunMode (main)
                                                   SystemSpeed (main)
                                                   SystemSpeedIndex (main)
    -------------------------------------------------------------------------
CSTART
  Relative segment, address: 1160 - 116F (0x10 bytes), align: 1
  Segment part 15.
           ENTRY                   ADDRESS         REF BY
           =====                   =======         ======
           ?cstart_init_copy       1160            LEDDirection (main)
                                                   LEDFlag (main)
                                                   SpeedCode (key)
                                                   run (Led_disp)
    -------------------------------------------------------------------------
CSTART
  Relative segment, address: 1170 - 1177 (0x8 bytes), align: 1
  Segment part 19.            Intra module refs:   Segment part 9
           ENTRY                   ADDRESS         REF BY
           =====                   =======         ======
           ?cstart_call_main       1170 
           ?cstart_end             1178 

    -------------------------------------------------------------------------
  LIBRARY MODULE, NAME : ?reset_vector

  SEGMENTS IN THE MODULE
  ======================
RESET
  Relative segment, address: FFFE - FFFF (0x2 bytes), align: 1
  Segment part 0.
           ENTRY                   ADDRESS         REF BY
           =====                   =======         ======
           ?reset_vector           FFFE            Segment part 9 (?cstart)

    -------------------------------------------------------------------------
  LIBRARY MODULE, NAME : ?exit

  SEGMENTS IN THE MODULE
  ======================
<CODE> 1 (was CODE)
  Relative segment, address: 1546 - 1549 (0x4 bytes), align: 1
  Segment part 2.
           ENTRY                   ADDRESS         REF BY
           =====                   =======         ======
           exit                    1546            Segment part 19 (?cstart)
               calls direct

    -------------------------------------------------------------------------
  LIBRARY MODULE, NAME : ?DivMod816u

  SEGMENTS IN THE MODULE
  ======================
<CODE> 1 (was CODE)
  Relative segment, address: 14C6 - 14DD (0x18 bytes), align: 1
  Segment part 1.
           ENTRY                   ADDRESS         REF BY
           =====                   =======         ======
           ?DivMod16u              14C6            Mode_5 (Led_disp)
                                                   Mode_6 (Led_disp)

    -------------------------------------------------------------------------
  LIBRARY MODULE, NAME : ?ShiftLeft16

  SEGMENTS IN THE MODULE
  ======================
<CODE> 1 (was CODE)
  Relative segment, address: 150E - 1519 (0xc bytes), align: 1
  Segment part 0.
           ENTRY                   ADDRESS         REF BY
           =====                   =======         ======
           ?ShiftLeft16            150E            Mode_0 (Led_disp)
                                                   Mode_2 (Led_disp)
                                                   Mode_3 (Led_disp)
                                                   Mode_4 (Led_disp)
                                                   Mode_5 (Led_disp)
                                                   Mode_6 (Led_disp)

    -------------------------------------------------------------------------
  LIBRARY MODULE, NAME : ?ShiftRight816s

  SEGMENTS IN THE MODULE
  ======================
<CODE> 1 (was CODE)
  Relative segment, address: 151A - 1525 (0xc bytes), align: 1
  Segment part 1.
           ENTRY                   ADDRESS         REF BY
           =====                   =======         ======
           ?ShiftRight16s          151A            Mode_4 (Led_disp)

    -------------------------------------------------------------------------
  LIBRARY MODULE, NAME : ?ShiftRight816u

  SEGMENTS IN THE MODULE
  ======================
<CODE> 1 (was CODE)
  Relative segment, address: 1500 - 150D (0xe bytes), align: 1
  Segment part 1.
           ENTRY                   ADDRESS         REF BY
           =====                   =======         ======
           ?ShiftRight16u          1500            Mode_1 (Led_disp)
                                                   Mode_2 (Led_disp)
                                                   Mode_3 (Led_disp)
                                                   Mode_5 (Led_disp)
                                                   Mode_6 (Led_disp)

    -------------------------------------------------------------------------
  LIBRARY MODULE, NAME : ?memcpy

  SEGMENTS IN THE MODULE
  ======================
<CODE> 1 (was CODE)
  Relative segment, address: 14DE - 14EF (0x12 bytes), align: 1
  Segment part 2.
           ENTRY                   ADDRESS         REF BY
           =====                   =======         ======
           memcpy                  14DE            __data16_memcpy (?memzero)

    -------------------------------------------------------------------------
  LIBRARY MODULE, NAME : ?memzero

  SEGMENTS IN THE MODULE
  ======================
<CODE> 1 (was CODE)
  Relative segment, address: 14F0 - 14FF (0x10 bytes), align: 1
  Segment part 2.
           ENTRY                   ADDRESS         REF BY
           =====                   =======         ======
           __data16_memzero        14F0            ?cstart_init_zero (?cstart)
    -------------------------------------------------------------------------
<CODE> 1 (was CODE)
  Relative segment, address: 1542 - 1545 (0x4 bytes), align: 1
  Segment part 3.
           ENTRY                   ADDRESS         REF BY
           =====                   =======         ======
           __data16_memcpy         1542            ?cstart_init_copy (?cstart)
               calls direct

    -------------------------------------------------------------------------
  LIBRARY MODULE, NAME : ?__exit

  SEGMENTS IN THE MODULE
  ======================
<CODE> 1 (was CODE)
  Relative segment, address: 154A - 154B (0x2 bytes), align: 1
  Segment part 2.
           ENTRY                   ADDRESS         REF BY
           =====                   =======         ======
           __exit                  154A            Segment part 6 (?_exit)
                                                   _exit (?_exit)




                ****************************************
                *                                      *
                *      SEGMENTS IN ADDRESS ORDER       *
                *                                      *
                ****************************************


SEGMENT              SPACE    START ADDRESS   END ADDRESS     SIZE  TYPE  ALIGN
=======              =====    =============   ===========     ====  ====  =====
DATA16_AN                              001D - 001F               3   rel    0
                                       0021 - 0022               2 
                                       0026 - 0026               1 
                                       0028 - 0028               1 
                                       002A - 002A               1 
                                       0120 - 0121               2 
DATA16_I                               0200 - 024F              50   rel    1
DATA16_Z                               0250 - 0256               7   rel    1
CSTACK                                 09B0 - 09FF              50   rel    1
DATA16_C                                  1100                       dse    0
DATA16_ID                              1100 - 114F              50   rel    1
CSTART                                 1150 - 1177              28   rel    1
<CODE> 1                               1178 - 154B             3D4   rel    1
RESET                                  FFFE - FFFF               2   rel    1

                ****************************************
                *                                      *
                *        END OF CROSS REFERENCE        *
                *                                      *
                ****************************************

 1 022 bytes of CODE  memory
   167 bytes of DATA  memory (+ 10 absolute )
    80 bytes of CONST memory

Errors: none
Warnings: none

